POLY - COMBINED MONOMIAL LISTS
	F(a) = a^2 + (8 a^3);
