POLY - COMBINED MONOMIAL LISTS
	F(z,y,x) = 2 y^2 x + 2 z^2 x;
