POLY - SORTED MONOMIAL LISTS
	F(a) = 5 a - (2 a + 13 a) - 3 a;
