POLY - SORTED MONOMIAL LISTS
	F = 5 x;
	G(x) = 7 x;
