POLY - SORTED MONOMIAL LISTS
	F(x,y) = x^5 y + 2;
